============================= test session starts =============================
platform win32 -- Python 3.14.3, pytest-9.0.2, pluggy-1.6.0
rootdir: C:\wamp64\www\seo-intelligence
configfile: pyproject.toml
plugins: anyio-4.12.1, asyncio-1.3.0
asyncio: mode=Mode.STRICT, debug=False, asyncio_default_fixture_loop_scope=None, asyncio_default_test_loop_scope=function
collected 132 items / 3 errors

=================================== ERRORS ====================================
________________ ERROR collecting tests/test_ecommerce_seo.py _________________
ImportError while importing test module 'C:\wamp64\www\seo-intelligence\tests\test_ecommerce_seo.py'.
Hint: make sure your test modules/packages have valid Python names.
Traceback:
C:\Users\bharg\AppData\Roaming\uv\python\cpython-3.14-windows-x86_64-none\Lib\importlib\__init__.py:88: in import_module
    return _bootstrap._gcd_import(name[level:], package, level)
           ^^^^^^^^^^^^^^^^^^^^^^^^^^^^^^^^^^^^^^^^^^^^^^^^^^^^
tests\test_ecommerce_seo.py:4: in <module>
    from ecommerce_seo import analyze_product_seo, format_ecommerce_report
ecommerce_seo.py:7: in <module>
    from crawler import crawl_page, extract_schema_data
E   ImportError: cannot import name 'extract_schema_data' from 'crawler' (C:\wamp64\www\seo-intelligence\crawler.py)
__________________ ERROR collecting tests/test_media_seo.py ___________________
ImportError while importing test module 'C:\wamp64\www\seo-intelligence\tests\test_media_seo.py'.
Hint: make sure your test modules/packages have valid Python names.
Traceback:
C:\Users\bharg\AppData\Roaming\uv\python\cpython-3.14-windows-x86_64-none\Lib\importlib\__init__.py:88: in import_module
    return _bootstrap._gcd_import(name[level:], package, level)
           ^^^^^^^^^^^^^^^^^^^^^^^^^^^^^^^^^^^^^^^^^^^^^^^^^^^^
tests\test_media_seo.py:4: in <module>
    from media_seo import analyze_media_seo, format_media_report
media_seo.py:6: in <module>
    from crawler import crawl_page, extract_schema_data
E   ImportError: cannot import name 'extract_schema_data' from 'crawler' (C:\wamp64\www\seo-intelligence\crawler.py)
__________________ ERROR collecting tests/test_predictive.py __________________
ImportError while importing test module 'C:\wamp64\www\seo-intelligence\tests\test_predictive.py'.
Hint: make sure your test modules/packages have valid Python names.
Traceback:
C:\Users\bharg\AppData\Roaming\uv\python\cpython-3.14-windows-x86_64-none\Lib\importlib\__init__.py:88: in import_module
    return _bootstrap._gcd_import(name[level:], package, level)
           ^^^^^^^^^^^^^^^^^^^^^^^^^^^^^^^^^^^^^^^^^^^^^^^^^^^^
tests\test_predictive.py:4: in <module>
    from serp import SerpResponse, SERPResult
E   ImportError: cannot import name 'SERPResult' from 'serp' (C:\wamp64\www\seo-intelligence\serp.py). Did you mean: 'SerpResult'?
=========================== short test summary info ===========================
ERROR tests/test_ecommerce_seo.py
ERROR tests/test_media_seo.py
ERROR tests/test_predictive.py
!!!!!!!!!!!!!!!!!!! Interrupted: 3 errors during collection !!!!!!!!!!!!!!!!!!!
============================== 3 errors in 0.24s ==============================
