============================= test session starts =============================
platform win32 -- Python 3.14.3, pytest-9.0.2, pluggy-1.6.0
rootdir: C:\wamp64\www\seo-intelligence
configfile: pyproject.toml
plugins: anyio-4.12.1, asyncio-1.3.0
asyncio: mode=Mode.STRICT, debug=False, asyncio_default_fixture_loop_scope=None, asyncio_default_test_loop_scope=function
collected 10 items

tests\test_predictive.py FFF                                             [ 30%]
tests\test_ecommerce_seo.py ....                                         [ 70%]
tests\test_media_seo.py ...                                              [100%]

================================== FAILURES ===================================
___________________ test_calculate_keyword_difficulty_hard ____________________
tests\test_predictive.py:16: in test_calculate_keyword_difficulty_hard
    score = await calculate_keyword_difficulty("best coffee maker", response)
            ^^^^^^^^^^^^^^^^^^^^^^^^^^^^^^^^^^^^^^^^^^^^^^^^^^^^^^^^^^^^^^^^^
predictive.py:70: in calculate_keyword_difficulty
    return PredictiveScoring(
E   TypeError: PredictiveScoring.__init__() got an unexpected keyword argument 'roi_projection'
___________________ test_calculate_keyword_difficulty_easy ____________________
tests\test_predictive.py:32: in test_calculate_keyword_difficulty_easy
    score = await calculate_keyword_difficulty("obscure long tail keyword here", response)
            ^^^^^^^^^^^^^^^^^^^^^^^^^^^^^^^^^^^^^^^^^^^^^^^^^^^^^^^^^^^^^^^^^^^^^^^^^^^^^^
predictive.py:70: in calculate_keyword_difficulty
    return PredictiveScoring(
E   TypeError: PredictiveScoring.__init__() got an unexpected keyword argument 'roi_projection'
________________________ test_format_predictive_report ________________________
tests\test_predictive.py:42: in test_format_predictive_report
    assert "Predictive SEO Analysis" in report
E   AssertionError: assert 'Predictive SEO Analysis' in '\u26a0\ufe0f **Predictive Analysis Failed:** Hard (12 months)'
=========================== short test summary info ===========================
FAILED tests/test_predictive.py::test_calculate_keyword_difficulty_hard - Typ...
FAILED tests/test_predictive.py::test_calculate_keyword_difficulty_easy - Typ...
FAILED tests/test_predictive.py::test_format_predictive_report - AssertionErr...
========================= 3 failed, 7 passed in 0.19s =========================
